{
nullable: number | null;
undefineable?: number;
int: number;
bool: boolean;
string: string;
float: number;
array: Array<string>;
lazy?: string;
closureLazy: string;
simpleData: {%Uretral\BitrixData\Tests\Fakes\SimpleData%};
dataCollection: Array<{%Uretral\BitrixData\Tests\Fakes\SimpleData%}>;
dataCollectionAlternative: Array<{%Uretral\BitrixData\Tests\Fakes\SimpleData%}>;
dataCollectionWithAttribute: Array<{%Uretral\BitrixData\Tests\Fakes\SimpleData%}>;
}