{
collection: {data:Array<{%Uretral\BitrixData\Tests\Fakes\SimpleData%}>;links:Array<{url:string | null;label:string;active:boolean;}>;meta:{current_page:number;first_page_url:string;from:number | null;last_page:number;last_page_url:string;next_page_url:string | null;path:string;per_page:number;prev_page_url:string | null;to:number | null;total:number;};};
collectionWithNull: {data:Array<{%Uretral\BitrixData\Tests\Fakes\SimpleData%}>;links:Array<{url:string | null;label:string;active:boolean;}>;meta:{current_page:number;first_page_url:string;from:number | null;last_page:number;last_page_url:string;next_page_url:string | null;path:string;per_page:number;prev_page_url:string | null;to:number | null;total:number;};} | null;
collectionWithNullable: {data:Array<{%Uretral\BitrixData\Tests\Fakes\SimpleData%}>;links:Array<{url:string | null;label:string;active:boolean;}>;meta:{current_page:number;first_page_url:string;from:number | null;last_page:number;last_page_url:string;next_page_url:string | null;path:string;per_page:number;prev_page_url:string | null;to:number | null;total:number;};} | null;
optionalCollection?: {data:Array<{%Uretral\BitrixData\Tests\Fakes\SimpleData%}>;links:Array<{url:string | null;label:string;active:boolean;}>;meta:{current_page:number;first_page_url:string;from:number | null;last_page:number;last_page_url:string;next_page_url:string | null;path:string;per_page:number;prev_page_url:string | null;to:number | null;total:number;};};
optionalCollectionWithNullable?: {data:Array<{%Uretral\BitrixData\Tests\Fakes\SimpleData%}>;links:Array<{url:string | null;label:string;active:boolean;}>;meta:{current_page:number;first_page_url:string;from:number | null;last_page:number;last_page_url:string;next_page_url:string | null;path:string;per_page:number;prev_page_url:string | null;to:number | null;total:number;};} | null;
lazyCollection?: {data:Array<{%Uretral\BitrixData\Tests\Fakes\SimpleData%}>;links:Array<{url:string | null;label:string;active:boolean;}>;meta:{current_page:number;first_page_url:string;from:number | null;last_page:number;last_page_url:string;next_page_url:string | null;path:string;per_page:number;prev_page_url:string | null;to:number | null;total:number;};};
lazyCollectionWithNullable?: {data:Array<{%Uretral\BitrixData\Tests\Fakes\SimpleData%}>;links:Array<{url:string | null;label:string;active:boolean;}>;meta:{current_page:number;first_page_url:string;from:number | null;last_page:number;last_page_url:string;next_page_url:string | null;path:string;per_page:number;prev_page_url:string | null;to:number | null;total:number;};} | null;
}