{
cased_property: string;
data_cased_property: {%Uretral\BitrixData\Tests\Fakes\SimpleData%};
data_collection_cased_property: Array<{%Uretral\BitrixData\Tests\Fakes\SimpleData%}>;
}