{
collection: Array<{%Uretral\BitrixData\Tests\Fakes\SimpleData%}>;
collectionWithNull: Array<{%Uretral\BitrixData\Tests\Fakes\SimpleData%}> | null;
collectionWithNullable: Array<{%Uretral\BitrixData\Tests\Fakes\SimpleData%}> | null;
optionalCollection?: Array<{%Uretral\BitrixData\Tests\Fakes\SimpleData%}>;
optionalCollectionWithNullable?: Array<{%Uretral\BitrixData\Tests\Fakes\SimpleData%}> | null;
lazyCollection?: Array<{%Uretral\BitrixData\Tests\Fakes\SimpleData%}>;
lazyCollectionWithNullable?: Array<{%Uretral\BitrixData\Tests\Fakes\SimpleData%}> | null;
}